08/25 15:15:36 INFO: WandB logging disabled (environment variables not set)	[pipeline.py: 614]
08/25 15:15:36 INFO: Starting rollout of 25 houses split into 25 work items (100 total episodes) using 8 worker processes	[pipeline.py: 1221]
08/25 15:15:36 INFO: Evaluation configuration:	[pipeline.py: 1228]
08/25 15:15:36 INFO: {'apply_stretch_placement': True,
 'benchmark_path': None,
 'camera_config': {'cameras': [{'fov': None,
                                'fov_noise_degrees': None,
                                'is_warped': False,
                                'mjcf_name': 'camera_center_link',
                                'name': 'head_camera',
                                'orientation_noise_degrees': None,
                                'pos_noise_range': None,
                                'record_depth': False,
                                'robot_namespace': 'robot_0/',
                                'skip_erosion': False,
                                'visibility_constraints': None},
                               {'fov': None,
                                'fov_noise_degrees': None,
                                'is_warped': False,
                                'mjcf_name': 'gripper_camera_left_rgb',
                                'name': 'wrist_camera',
                                'orientation_noise_degrees': None,
                                'pos_noise_range': None,
                                'record_depth': False,
                                'robot_namespace': 'robot_0/',
                                'skip_erosion': False,
                                'visibility_constraints': None}],
                   'img_resolution': (224, 224)},
 'collision_free_pose_limit': 3,
 'config_version': '0.1',
 'ctrl_dt_ms': 2.0,
 'data_split': 'train',
 'datagen_profiler': True,
 'end_on_success': False,
 'environment_light_intensity': 15000.0,
 'eval_runtime_params': None,
 'filter_for_successful_trajectories': True,
 'log_level': 'info',
 'num_envs': 1,
 'num_workers': 8,
 'output_dir': PosixPath('data/stretch_pick/rollouts/pick'),
 'policy_config': {'force_enable_depth': False,
                   'policy_cls': <class 'examples.machine_learning.molmospaces.policies.scripted.StretchScriptedPolicy'>,
                   'policy_factory': <molmo_spaces.utils.function_utils._LenientCallable object at 0x705d2c668320>,
                   'policy_type': 'planner'},
 'policy_dt_ms': 66.0,
 'profile': True,
 'profiler': <molmo_spaces.utils.profiler_utils.Profiler object at 0x705d287b7fe0>,
 'robot_config': {'K_damping': None,
                  'K_stiffness': None,
                  'action_noise_config': {'action_scale_factor': 0.1,
                                          'base_action_scale_factor': 0.1,
                                          'enabled': True,
                                          'max_base_position_noise': 0.02,
                                          'max_base_rotation_noise': 0.05,
                                          'max_tcp_position_noise': 0.02,
                                          'max_tcp_rotation_noise': 0.1,
                                          'rotation_noise_scale': 0.1},
                  'command_mode': {'arm': 'joint_position',
                                   'base': 'holo_joint_planar_position',
                                   'gripper': 'joint_position',
                                   'lift': 'joint_position',
                                   'wrist': 'joint_position'},
                  'force_limit': None,
                  'gravcomp': True,
                  'init_qpos': {'arm': [0.0],
                                'base': [0.0, 0.0, 0.0],
                                'gripper': [0.0, 0.0],
                                'lift': [0.35],
                                'wrist': [3.14, -0.4, 0.0]},
                  'init_qpos_noise_range': None,
                  'name': 'stretch4',
                  'robot_cls': <class 'examples.machine_learning.molmospaces.stretch.robot.Stretch4Robot'>,
                  'robot_dir': PosixPath('/tmp/stretch4_molmospaces_cihtd470'),
                  'robot_factory': <class 'examples.machine_learning.molmospaces.stretch.robot.Stretch4Robot'>,
                  'robot_namespace': 'robot_0/',
                  'robot_view_factory': <class 'examples.machine_learning.molmospaces.stretch.robot_view.Stretch4RobotView'>,
                  'robot_xml_path': PosixPath('stretch4.xml')},
 'scene_dataset': 'procthor-objaverse',
 'seed': None,
 'sim_dt_ms': 2.0,
 'task_config': {'action_dtype': 'float32',
                 'added_objects': {},
                 'enable_rendering': True,
                 'object_poses': None,
                 'pickup_obj_goal_pose': None,
                 'pickup_obj_name': None,
                 'pickup_obj_start_pose': None,
                 'place_target_name': None,
                 'receptacle_name': None,
                 'referral_expressions': {},
                 'referral_expressions_priority': {},
                 'robot_base_pose': None,
                 'succ_pos_threshold': 0.01,
                 'task_cls': <class 'molmo_spaces.tasks.pick_task.PickTask'>,
                 'tracked_object_names': None,
                 'use_sensors': True},
 'task_config_preset': None,
 'task_config_preset_exp': None,
 'task_config_preset_scn': None,
 'task_horizon': 500,
 'task_sampler_config': {'added_pickup_class_max_uids': None,
                         'added_pickup_class_rank': None,
                         'added_pickup_namespace': 'pickup/',
                         'added_pickup_objects': None,
                         'base_pose_sampling_radius_range': (0.55, 0.9),
                         'check_robot_placement_visibility': True,
                         'dataset_name': 'procthor-10k',
                         'enable_texture_randomization': False,
                         'episodes_per_added_pickup': 1,
                         'episodes_per_batch': 4,
                         'filter_for_grasps': True,
                         'grasp_libraries': None,
                         'house_inds': [0,
                                        1,
                                        2,
                                        3,
                                        4,
                                        5,
                                        6,
                                        7,
                                        8,
                                        9,
                                        10,
                                        11,
                                        12,
                                        13,
                                        14,
                                        15,
                                        16,
                                        17,
                                        18,
                                        19,
                                        20,
                                        21,
                                        22,
                                        23,
                                        24],
                         'house_variant': 'ceiling',
                         'max_added_pickup_placement_attempts': 100,
                         'max_allowed_sequential_irrecoverable_failures': 5,
                         'max_allowed_sequential_rollout_failures': 10,
                         'max_allowed_sequential_task_sampler_failures': 10,
                         'max_asset_failures': 10,
                         'max_object_placement_attempts': 200,
                         'max_receptacle_attempts': 10,
                         'max_reference_to_added_pickup_dist': 0.5,
                         'max_robot_placement_attempts': 10,
                         'max_robot_to_added_pickup_dist': 0.7,
                         'max_robot_to_obj_dist': 0.9,
                         'max_robot_to_target_dist': 0.9,
                         'max_tasks': 100,
                         'max_total_attempts_multiplier': 6,
                         'min_object_separation': 0.05,
                         'min_reference_to_added_pickup_dist': 0.15,
                         'num_added_pickups': 30,
                         'objaverse_oversampling_factor': 30,
                         'object_placement_radius_range': (0.1, 0.8),
                         'pickup_obj_name': None,
                         'pickup_types': None,
                         'place_target_name': None,
                         'placement_volume_name': None,
                         'randomize_dynamics': False,
                         'randomize_lighting': False,
                         'randomize_robot_textures': False,
                         'randomize_textures': False,
                         'randomize_textures_all': False,
                         'receptacle_name': None,
                         'receptacle_types': ('ArmChair',
                                              'Bed',
                                              'Chair',
                                              'CoffeeTable',
                                              'CounterTop',
                                              'Desk',
                                              'DiningTable',
                                              'Dresser',
                                              'Shelf',
                                              'SideTable',
                                              'Sofa',
                                              'Stool',
                                              'TVStand'),
                         'referral_expression_clip_filter': False,
                         'robot_object_z_offset': -0.75,
                         'robot_object_z_offset_random_max': 0.25,
                         'robot_object_z_offset_random_min': -0.3,
                         'robot_placement_exclusion_threshold': 0.15,
                         'robot_placement_rotation_range_rad': 0.7853981633974483,
                         'robot_safety_radius': 0.3,
                         'samples_per_house': 4,
                         'scene_xml_paths': None,
                         'sim_settle_timesteps': 500,
                         'task_batch_size': 1,
                         'task_sampler_class': <class 'molmo_spaces.tasks.pick_task_sampler.PickTaskSampler'>,
                         'verbose': False},
 'task_type': 'pick',
 'use_passive_viewer': False,
 'use_wandb': False,
 'viewer_cam_dict': {'azimuth': 45.0,
                     'distance': 5.0,
                     'elevation': -30.0,
                     'lookat': [0.0, 0.0, 0.5]},
 'viewer_camera': None,
 'wandb_name': None,
 'wandb_project': 'molmo-spaces-data-generation'}	[pipeline.py: 1229]
08/25 15:53:06 INFO: Completed 23 work items, skipped 2 work items	[pipeline.py: 1347]
08/25 15:53:06 INFO: Success count: 1, Total count: 551	[pipeline.py: 1350]
08/25 15:53:06 INFO: Success rate: 0.18%	[pipeline.py: 1351]
