08/25 15:09:22 INFO: WandB logging disabled (environment variables not set)	[pipeline.py: 614]
08/25 15:09:22 INFO: Starting rollout of 1 houses split into 1 work items (2 total episodes) using 1 worker processes	[pipeline.py: 1221]
08/25 15:09:22 INFO: Evaluation configuration:	[pipeline.py: 1228]
08/25 15:09:22 INFO: {'apply_stretch_placement': True,
 'benchmark_path': None,
 'camera_config': {'cameras': [{'fov': None,
                                'fov_noise_degrees': None,
                                'is_warped': False,
                                'mjcf_name': 'camera_center_link',
                                'name': 'head_camera',
                                'orientation_noise_degrees': None,
                                'pos_noise_range': None,
                                'record_depth': False,
                                'robot_namespace': 'robot_0/',
                                'skip_erosion': False,
                                'visibility_constraints': None},
                               {'fov': None,
                                'fov_noise_degrees': None,
                                'is_warped': False,
                                'mjcf_name': 'gripper_camera_left_rgb',
                                'name': 'wrist_camera',
                                'orientation_noise_degrees': None,
                                'pos_noise_range': None,
                                'record_depth': False,
                                'robot_namespace': 'robot_0/',
                                'skip_erosion': False,
                                'visibility_constraints': None}],
                   'img_resolution': (224, 224)},
 'collision_free_pose_limit': 3,
 'config_version': '0.1',
 'ctrl_dt_ms': 2.0,
 'data_split': 'train',
 'datagen_profiler': True,
 'end_on_success': False,
 'environment_light_intensity': 15000.0,
 'eval_runtime_params': None,
 'filter_for_successful_trajectories': True,
 'log_level': 'info',
 'num_envs': 1,
 'num_workers': 1,
 'output_dir': PosixPath('data/stretch_debug/rollouts/debug'),
 'policy_config': {'force_enable_depth': False,
                   'policy_cls': <class 'examples.machine_learning.molmospaces.policies.scripted.StretchScriptedPolicy'>,
                   'policy_factory': <molmo_spaces.utils.function_utils._LenientCallable object at 0x71b482ba9400>,
                   'policy_type': 'planner'},
 'policy_dt_ms': 66.0,
 'profile': True,
 'profiler': <molmo_spaces.utils.profiler_utils.Profiler object at 0x71b482a9a180>,
 'robot_config': {'K_damping': None,
                  'K_stiffness': None,
                  'action_noise_config': {'action_scale_factor': 0.1,
                                          'base_action_scale_factor': 0.1,
                                          'enabled': True,
                                          'max_base_position_noise': 0.02,
                                          'max_base_rotation_noise': 0.05,
                                          'max_tcp_position_noise': 0.02,
                                          'max_tcp_rotation_noise': 0.1,
                                          'rotation_noise_scale': 0.1},
                  'command_mode': {'arm': 'joint_position',
                                   'base': 'holo_joint_planar_position',
                                   'gripper': 'joint_position',
                                   'lift': 'joint_position',
                                   'wrist': 'joint_position'},
                  'force_limit': None,
                  'gravcomp': True,
                  'init_qpos': {'arm': [0.0],
                                'base': [0.0, 0.0, 0.0],
                                'gripper': [0.0, 0.0],
                                'lift': [0.35],
                                'wrist': [3.14, -0.4, 0.0]},
                  'init_qpos_noise_range': None,
                  'name': 'stretch4',
                  'robot_cls': <class 'examples.machine_learning.molmospaces.stretch.robot.Stretch4Robot'>,
                  'robot_dir': PosixPath('/tmp/stretch4_molmospaces_flhujhmd'),
                  'robot_factory': <class 'examples.machine_learning.molmospaces.stretch.robot.Stretch4Robot'>,
                  'robot_namespace': 'robot_0/',
                  'robot_view_factory': <class 'examples.machine_learning.molmospaces.stretch.robot_view.Stretch4RobotView'>,
                  'robot_xml_path': PosixPath('stretch4.xml')},
 'scene_dataset': 'procthor-10k',
 'seed': None,
 'sim_dt_ms': 2.0,
 'task_config': {'action_dtype': 'float32',
                 'added_objects': {},
                 'enable_rendering': True,
                 'object_poses': None,
                 'pickup_obj_goal_pose': None,
                 'pickup_obj_name': None,
                 'pickup_obj_start_pose': None,
                 'place_target_name': None,
                 'receptacle_name': None,
                 'referral_expressions': {},
                 'referral_expressions_priority': {},
                 'robot_base_pose': None,
                 'succ_pos_threshold': 0.01,
                 'task_cls': <class 'molmo_spaces.tasks.pick_task.PickTask'>,
                 'tracked_object_names': None,
                 'use_sensors': True},
 'task_config_preset': None,
 'task_config_preset_exp': None,
 'task_config_preset_scn': None,
 'task_horizon': 500,
 'task_sampler_config': {'added_pickup_class_max_uids': None,
                         'added_pickup_class_rank': None,
                         'added_pickup_namespace': 'pickup/',
                         'added_pickup_objects': None,
                         'base_pose_sampling_radius_range': (0.55, 0.9),
                         'check_robot_placement_visibility': True,
                         'dataset_name': 'procthor-10k',
                         'enable_texture_randomization': False,
                         'episodes_per_added_pickup': 1,
                         'episodes_per_batch': 4,
                         'filter_for_grasps': True,
                         'grasp_libraries': None,
                         'house_inds': [0],
                         'house_variant': 'ceiling',
                         'max_added_pickup_placement_attempts': 100,
                         'max_allowed_sequential_irrecoverable_failures': 5,
                         'max_allowed_sequential_rollout_failures': 10,
                         'max_allowed_sequential_task_sampler_failures': 10,
                         'max_asset_failures': 10,
                         'max_object_placement_attempts': 200,
                         'max_receptacle_attempts': 10,
                         'max_reference_to_added_pickup_dist': 0.5,
                         'max_robot_placement_attempts': 10,
                         'max_robot_to_added_pickup_dist': 0.7,
                         'max_robot_to_obj_dist': 0.9,
                         'max_robot_to_target_dist': 0.9,
                         'max_tasks': 2,
                         'max_total_attempts_multiplier': 6,
                         'min_object_separation': 0.05,
                         'min_reference_to_added_pickup_dist': 0.15,
                         'num_added_pickups': 30,
                         'objaverse_oversampling_factor': 30,
                         'object_placement_radius_range': (0.1, 0.8),
                         'pickup_obj_name': None,
                         'pickup_types': None,
                         'place_target_name': None,
                         'placement_volume_name': None,
                         'randomize_dynamics': False,
                         'randomize_lighting': False,
                         'randomize_robot_textures': False,
                         'randomize_textures': False,
                         'randomize_textures_all': False,
                         'receptacle_name': None,
                         'receptacle_types': ('ArmChair',
                                              'Bed',
                                              'Chair',
                                              'CoffeeTable',
                                              'CounterTop',
                                              'Desk',
                                              'DiningTable',
                                              'Dresser',
                                              'Shelf',
                                              'SideTable',
                                              'Sofa',
                                              'Stool',
                                              'TVStand'),
                         'referral_expression_clip_filter': False,
                         'robot_object_z_offset': -0.75,
                         'robot_object_z_offset_random_max': 0.25,
                         'robot_object_z_offset_random_min': -0.3,
                         'robot_placement_exclusion_threshold': 0.15,
                         'robot_placement_rotation_range_rad': 0.7853981633974483,
                         'robot_safety_radius': 0.3,
                         'samples_per_house': 2,
                         'scene_xml_paths': None,
                         'sim_settle_timesteps': 500,
                         'task_batch_size': 1,
                         'task_sampler_class': <class 'molmo_spaces.tasks.pick_task_sampler.PickTaskSampler'>,
                         'verbose': False},
 'task_type': 'pick',
 'use_passive_viewer': False,
 'use_wandb': False,
 'viewer_cam_dict': {'azimuth': 45.0,
                     'distance': 5.0,
                     'elevation': -30.0,
                     'lookat': [0.0, 0.0, 0.5]},
 'viewer_camera': None,
 'wandb_name': None,
 'wandb_project': 'molmo-spaces-data-generation'}	[pipeline.py: 1229]
08/25 15:09:22 INFO: [Worker 0] Data versions in use: {'robots': {'rby1': '20251224', 'rby1m': '20251224', 'franka_droid': '20260127', 'franka_cap': '20260213', 'floating_rum': '20251110', 'floating_robotiq': '20260208_retry4', 'franka_fr3': '20260303', 'i2rt_yam': '20260223', 'g1': '20260802', 'humans_rocketbox': '20260812'}, 'scenes': {'ithor': '20251217_with_occupancy', 'refs': '20250923', 'procthor-10k-train': '20251122_with_occupancy', 'procthor-10k-val': '20251217_with_occupancy', 'procthor-10k-test': '20251121_with_occupancy', 'holodeck-objaverse-train': '20251217_with_occupancy', 'holodeck-objaverse-val': '20251217_with_occupancy', 'procthor-objaverse-train': '20251205_with_occupancy', 'procthor-objaverse-val': '20251205_with_occupancy'}, 'objects': {'thor': '20251117', 'objaverse': '20260131', 'objathor_metadata': '20260129'}, 'grasps': {'droid': '20251116', 'droid_objaverse': '20251218'}, 'test_data': {'franka_pick': '20260610', 'franka_pick_and_place': '20260529', 'rby1_door_opening': '20260812_2', 'rby1_pnp': '20260610', 'rum_open_close': '20260305', 'rum_pick': '20260209', 'test_randomized_data': '20251209', 'thormap': '20251209'}, 'benchmarks': {'molmospaces-bench-v1': '20260408', 'molmospaces-bench-v2': '20260415'}}	[task_sampler.py: 316]
08/25 15:09:22 INFO: [Worker 0] Worker 0 starting house 0 batch 1/1 (2 episodes) (item 0/1)	[pipeline.py: 415]
08/25 15:09:24 INFO: [Worker 0] Using MuJoCo renderer: classic	[env.py: 216]
08/25 15:09:24 INFO: [Worker 0] Scene updated: /home/shehab/.cache/molmospaces/assets/L2hvbWUvc2hlaGFiL0Rlc2t0b3Avc3RyZXRjaDRfbXVqb2NvLy52ZW52L2xpYi9weXRob24zLjEyL3NpdGUtcGFja2FnZXM/scenes/procthor-10k-train/train_0_ceiling.xml	[task_sampler.py: 789]
08/25 15:09:24 INFO: [Worker 0] Setting up scene for house 0, task None...	[pick_task_sampler.py: 199]
08/25 15:09:25 INFO: [Worker 0] Found 27 candidate pickup objects in the scene	[pick_task_sampler.py: 852]
08/25 15:09:27 INFO: [Worker 0] Skipping binliner_6e08840840b2e16dce47fe0ba070f8bb_1_0_2 (uid=GarbageBag_21_2) - no grasp file available	[pick_task_sampler.py: 941]
08/25 15:09:27 INFO: [Worker 0] Skipping countertop_69b3f961475324e78e62712dca967ad6_1_0_2 (uid=None) - static in scene	[pick_task_sampler.py: 899]
08/25 15:09:27 INFO: [Worker 0] Skipping houseplant_e9fb4dd6886e2d8c791482657419ea1c_1_0_2 (uid=Houseplant_11) - no grasp file available	[pick_task_sampler.py: 941]
08/25 15:09:27 INFO: [Worker 0] Skipping lettuce_1e4728cf567cf815d1bc4e37bc564bdc_1_0_2 (uid=Lettuce_19) - grasp file exists but has no valid transforms	[pick_task_sampler.py: 949]
08/25 15:09:27 INFO: [Worker 0] Skipping lettuce_58a2d909109c9f3ccdc7e7da4e8d0d5c_1_0_2 (uid=Lettuce_7) - grasp file exists but has no valid transforms	[pick_task_sampler.py: 949]
08/25 15:09:27 INFO: [Worker 0] Skipping painting_3a80e8268da2c949078b5d2f6260d995_1_0_2 (uid=None) - static in scene	[pick_task_sampler.py: 899]
08/25 15:09:27 INFO: [Worker 0] Skipping painting_a7f97b1b5858b97ee34c66c294e10d3d_1_0_2 (uid=None) - static in scene	[pick_task_sampler.py: 899]
08/25 15:09:27 INFO: [Worker 0] Skipping painting_d998e22aa83b5fe1ceb67b4f8a1f6c1d_1_0_2 (uid=None) - static in scene	[pick_task_sampler.py: 899]
08/25 15:09:27 INFO: [Worker 0] Skipping painting_e21990e8985b4a99a0a6d3ebd5a8317d_1_0_2 (uid=None) - static in scene	[pick_task_sampler.py: 899]
08/25 15:09:27 INFO: [Worker 0] Skipping refrigerator_2f9c884cb5ceff0cb2de7646b77388d1_1_0_2 (uid=Fridge_19) - no grasp file available	[pick_task_sampler.py: 941]
08/25 15:09:27 INFO: [Worker 0] Skipping tomato_476e436539c70e8978e15a59750bfb92_1_0_2 (uid=Tomato_5) - grasp file exists but has no valid transforms	[pick_task_sampler.py: 949]
08/25 15:09:27 INFO: [Worker 0] Skipping trashcan_60d89b25e4adf804f7db66ebe0d6569b_1_0_2 (uid=bin_25) - no grasp file available	[pick_task_sampler.py: 941]
08/25 15:09:27 INFO: [Worker 0] Filtered to 15 valid candidate pickup objects, 55.6 %	[pick_task_sampler.py: 930]
08/25 15:09:27 INFO: [Worker 0] Scene setup completed.
	[pick_task_sampler.py: 262]
08/25 15:09:27 INFO: [Worker 0] Attempting object boiler_335af387651d9869b84abf1fb099bf69_1_0_2 0/15	[pick_task_sampler.py: 616]
08/25 15:09:27 INFO: [Worker 0] [CAMERA SETUP] Setting up 2 cameras	[camera_manager.py: 300]
08/25 15:09:27 INFO: [Worker 0] [CAMERA SETUP] Set up MJCF camera 'head_camera' (MJCF: robot_0/camera_center_link)	[camera_manager.py: 438]
08/25 15:09:27 INFO: [Worker 0] [CAMERA SETUP] Set up MJCF camera 'wrist_camera' (MJCF: robot_0/gripper_camera_left_rgb)	[camera_manager.py: 438]
08/25 15:09:27 INFO: [Worker 0] [CAMERA SETUP] Successfully set up 2 cameras	[camera_manager.py: 326]
08/25 15:09:27 DEBUG: [Worker 0] [PLACE_ROBOT_NEAR] Starting robot placement near target (max_tries=10)	[env.py: 801]
08/25 15:09:27 DEBUG: [Worker 0] [PLACE_ROBOT_NEAR] Target object 'boiler_335af387651d9869b84abf1fb099bf69_1_0_2': (0.413, 3.051, 1.029)	[env.py: 818]
08/25 15:09:27 DEBUG: [Worker 0] [PLACE_ROBOT_NEAR] Robot Z height to preserve: 0.079087m	[env.py: 835]
08/25 15:09:27 DEBUG: [Worker 0] [PLACE_ROBOT_NEAR] Sampling radius range: 0.550m - 0.900m	[env.py: 836]
08/25 15:09:27 INFO: [Worker 0] [THORMAP] Creating occupancy map (agent_radius=0.3, px_per_m=200)	[env.py: 715]
08/25 15:09:27 INFO: [Worker 0] [THORMAP] Occupancy map created and cached	[env.py: 757]
08/25 15:09:27 DEBUG: [Worker 0] [PLACE_ROBOT_NEAR] Found 14944 free points within sampling radius	[env.py: 863]
08/25 15:09:27 DEBUG: [Worker 0] [PLACE_ROBOT_NEAR] Attempt 1: pos=[1.07283284 2.53929929 0.07908665] yaw=148.0deg	[env.py: 949]
08/25 15:09:27 DEBUG: [Worker 0] Collision is between robot_0/lift_link and robot_0/gripper_finger_right_link (roots: robot_0/base, robot_0/base)	[env.py: 679]
08/25 15:09:27 DEBUG: [Worker 0] Collision is between robot_0/arm_l2_link and robot_0/wrist_link (roots: robot_0/base, robot_0/base)	[env.py: 679]
08/25 15:09:27 DEBUG: [Worker 0] Collision is between robot_0/arm_l2_link and robot_0/wrist_link (roots: robot_0/base, robot_0/base)	[env.py: 679]
08/25 15:09:27 DEBUG: [Worker 0] [PLACE_ROBOT_NEAR] Found collision-free pose #1	[env.py: 959]
08/25 15:09:27 DEBUG: [Worker 0] [PLACE_ROBOT_NEAR] Attempt 2: pos=[1.00015611 2.91506596 0.07908665] yaw=207.2deg	[env.py: 949]
08/25 15:09:27 DEBUG: [Worker 0] Collision is between robot_0/lift_link and robot_0/gripper_finger_right_link (roots: robot_0/base, robot_0/base)	[env.py: 679]
08/25 15:09:27 DEBUG: [Worker 0] Collision is between robot_0/arm_l2_link and robot_0/wrist_link (roots: robot_0/base, robot_0/base)	[env.py: 679]
08/25 15:09:27 DEBUG: [Worker 0] Collision is between robot_0/arm_l2_link and robot_0/wrist_link (roots: robot_0/base, robot_0/base)	[env.py: 679]
08/25 15:09:27 DEBUG: [Worker 0] [PLACE_ROBOT_NEAR] Found collision-free pose #2	[env.py: 959]
08/25 15:09:27 DEBUG: [Worker 0] [PLACE_ROBOT_NEAR] Attempt 3: pos=[1.1834838  3.48650134 0.07908665] yaw=-152.2deg	[env.py: 949]
08/25 15:09:27 DEBUG: [Worker 0] Collision is between robot_0/lift_link and robot_0/gripper_finger_right_link (roots: robot_0/base, robot_0/base)	[env.py: 679]
08/25 15:09:27 DEBUG: [Worker 0] Collision is between robot_0/arm_l2_link and robot_0/wrist_link (roots: robot_0/base, robot_0/base)	[env.py: 679]
08/25 15:09:27 DEBUG: [Worker 0] Collision is between robot_0/arm_l2_link and robot_0/wrist_link (roots: robot_0/base, robot_0/base)	[env.py: 679]
08/25 15:09:27 DEBUG: [Worker 0] [PLACE_ROBOT_NEAR] Found collision-free pose #3	[env.py: 959]
08/25 15:09:27 DEBUG: [Worker 0] [PLACE_ROBOT_NEAR] Visibility constraints satisfied: {}	[env.py: 998]
08/25 15:09:27 INFO: [Worker 0] [PLACE_ROBOT_NEAR] Success after 3 samples, 3 collision-free, 1 visibility checks | map=569.8ms, retries=141.9ms, total=711.7ms	[env.py: 1005]
08/25 15:09:27 DEBUG: [Worker 0] [PLACE_ROBOT_NEAR] Final position: (1.073, 2.539, 0.079)	[env.py: 1009]
08/25 15:09:27 DEBUG: [Worker 0] [PLACE_ROBOT_NEAR] Final orientation: 148.0 deg	[env.py: 1012]
08/25 15:09:27 DEBUG: [Worker 0] [PLACE_ROBOT_NEAR] Distance to target: 0.835m	[env.py: 1016]
08/25 15:09:28 INFO: [Worker 0] Supporting receptacle: None	[pick_task_sampler.py: 1030]
08/25 15:09:28 INFO: [Worker 0] Loaded 1000 total grasp poses	[grasps.py: 282]
08/25 15:09:28 INFO: [Worker 0] [CAMERA SETUP] Setting up 2 cameras	[camera_manager.py: 300]
08/25 15:09:28 INFO: [Worker 0] [CAMERA SETUP] Set up MJCF camera 'head_camera' (MJCF: robot_0/camera_center_link)	[camera_manager.py: 438]
08/25 15:09:28 INFO: [Worker 0] [CAMERA SETUP] Set up MJCF camera 'wrist_camera' (MJCF: robot_0/gripper_camera_left_rgb)	[camera_manager.py: 438]
08/25 15:09:28 INFO: [Worker 0] [CAMERA SETUP] Successfully set up 2 cameras	[camera_manager.py: 326]
08/25 15:09:28 INFO: [Worker 0] Sampled task 'Pick up the boiler'	[task_sampler.py: 1129]
08/25 15:09:28 INFO: [Worker 0] Worker 0 house 0 episode 0/12 collected=0/2	[pipeline.py: 992]
08/25 15:09:39 INFO: [Worker 0] Worker 0 house 0 episode 0 object boiler_335af387651d9869b84abf1fb099bf69_1_0_2 completed with success=False	[pipeline.py: 1056]
08/25 15:09:39 INFO: [Worker 0] [PROFILE] Episode 0 house 0 success=False episode_total=17.91s:
  episode_total: mean=17.91s, total=17.91s, count=1, min=17910.3ms, max=17910.3ms
  rollout_total: mean=11.49s, total=11.49s, count=1, min=11486.3ms, max=11486.3ms
  task_step: mean=20.5ms, total=10.26s, count=500, min=16.2ms, max=52.6ms
  task_sampling: mean=5.99s, total=5.99s, count=1, min=5989.0ms, max=5989.0ms
  sensor_polling: mean=11.4ms, total=5.69s, count=500, min=8.3ms, max=29.3ms
  scene_load: mean=4.70s, total=4.70s, count=1, min=4702.9ms, max=4702.9ms
  physics_step: mean=8.9ms, total=4.47s, count=500, min=6.9ms, max=19.6ms
  scene_init: mean=2.80s, total=2.80s, count=1, min=2801.9ms, max=2801.9ms
  policy_get_action: mean=2.4ms, total=1.21s, count=500, min=0.1ms, max=10.1ms
  scene_env_create: mean=1.15s, total=1.15s, count=1, min=1154.2ms, max=1154.2ms
  scene_compile: mean=746.5ms, total=746.5ms, count=1, min=746.5ms, max=746.5ms
  task_specific_sample: mean=732.2ms, total=732.2ms, count=1, min=732.2ms, max=732.2ms
  sample_place_robot: mean=713.5ms, total=713.5ms, count=1, min=713.5ms, max=713.5ms
  robot_place_near: mean=712.8ms, total=712.8ms, count=1, min=712.8ms, max=712.8ms
  step_count_indicator: mean=500.0ms, total=500.0ms, count=1, min=500.0ms, max=500.0ms
  policy_setup: mean=434.6ms, total=434.6ms, count=1, min=434.6ms, max=434.6ms
  compile_robot_add: mean=415.7ms, total=415.7ms, count=1, min=415.7ms, max=415.7ms
  compile_mujoco: mean=201.6ms, total=201.6ms, count=1, min=201.6ms, max=201.6ms
  compile_xml_load: mean=121.3ms, total=121.3ms, count=1, min=121.3ms, max=121.3ms
  rollout_reset: mean=15.3ms, total=15.3ms, count=1, min=15.3ms, max=15.3ms
  sample_context_expressions: mean=1.9ms, total=1.9ms, count=1, min=1.9ms, max=1.9ms
  scene_randomize: mean=1.5ms, total=1.5ms, count=1, min=1.5ms, max=1.5ms
  mj_forward_sync: mean=1.4ms, total=1.4ms, count=1, min=1.4ms, max=1.4ms
  sample_check_grasps: mean=1.1ms, total=1.1ms, count=1, min=1.1ms, max=1.1ms
  sample_task_create: mean=1.0ms, total=1.0ms, count=1, min=1.0ms, max=1.0ms
  sample_cameras_final: mean=1.0ms, total=1.0ms, count=1, min=1.0ms, max=1.0ms
  sample_cameras_initial: mean=607.4us, total=0.6ms, count=1, min=0.6ms, max=0.6ms
  generate_context_expressions: mean=69.0us, total=0.1ms, count=1, min=0.1ms, max=0.1ms
  sample_select_object: mean=51.5us, total=0.1ms, count=1, min=0.1ms, max=0.1ms
  compile_aux_objects: mean=9.0us, total=0.0ms, count=1, min=0.0ms, max=0.0ms
  compile_aux_policy_objects: mean=7.6us, total=0.0ms, count=1, min=0.0ms, max=0.0ms	[profiler_utils.py: 259]
08/25 15:09:40 INFO: [Worker 0] [HOUSE] Reusing loaded scene for house index 0	[task_sampler.py: 1079]
08/25 15:09:40 INFO: [Worker 0] Scene setup completed.
	[pick_task_sampler.py: 262]
08/25 15:09:40 INFO: [Worker 0] Attempting object soapdispenser_a44357a2040f1b94a5a7e0de00e153b6_1_0_2 1/15	[pick_task_sampler.py: 616]
08/25 15:09:40 INFO: [Worker 0] [CAMERA SETUP] Setting up 2 cameras	[camera_manager.py: 300]
08/25 15:09:40 INFO: [Worker 0] [CAMERA SETUP] Set up MJCF camera 'head_camera' (MJCF: robot_0/camera_center_link)	[camera_manager.py: 438]
08/25 15:09:40 INFO: [Worker 0] [CAMERA SETUP] Set up MJCF camera 'wrist_camera' (MJCF: robot_0/gripper_camera_left_rgb)	[camera_manager.py: 438]
08/25 15:09:40 INFO: [Worker 0] [CAMERA SETUP] Successfully set up 2 cameras	[camera_manager.py: 326]
08/25 15:09:40 DEBUG: [Worker 0] [PLACE_ROBOT_NEAR] Starting robot placement near target (max_tries=10)	[env.py: 801]
08/25 15:09:40 DEBUG: [Worker 0] [PLACE_ROBOT_NEAR] Target object 'soapdispenser_a44357a2040f1b94a5a7e0de00e153b6_1_0_2': (0.491, 2.746, 1.058)	[env.py: 818]
08/25 15:09:40 DEBUG: [Worker 0] [PLACE_ROBOT_NEAR] Robot Z height to preserve: 0.340140m	[env.py: 835]
08/25 15:09:40 DEBUG: [Worker 0] [PLACE_ROBOT_NEAR] Sampling radius range: 0.550m - 0.900m	[env.py: 836]
08/25 15:09:40 DEBUG: [Worker 0] [THORMAP] Using cached occupancy map	[env.py: 711]
08/25 15:09:40 DEBUG: [Worker 0] [PLACE_ROBOT_NEAR] Found 18180 free points within sampling radius	[env.py: 863]
08/25 15:09:40 DEBUG: [Worker 0] [PLACE_ROBOT_NEAR] Attempt 1: pos=[1.1661583  2.25925147 0.3401397 ] yaw=114.6deg	[env.py: 949]
08/25 15:09:40 DEBUG: [Worker 0] Collision is between robot_0/lift_link and robot_0/gripper_finger_right_link (roots: robot_0/base, robot_0/base)	[env.py: 679]
08/25 15:09:40 DEBUG: [Worker 0] Collision is between robot_0/arm_l2_link and robot_0/wrist_link (roots: robot_0/base, robot_0/base)	[env.py: 679]
08/25 15:09:40 DEBUG: [Worker 0] Collision is between robot_0/arm_l2_link and robot_0/wrist_link (roots: robot_0/base, robot_0/base)	[env.py: 679]
08/25 15:09:40 DEBUG: [Worker 0] [PLACE_ROBOT_NEAR] Found collision-free pose #1	[env.py: 959]
08/25 15:09:40 DEBUG: [Worker 0] [PLACE_ROBOT_NEAR] Attempt 2: pos=[1.18518524 2.91744625 0.3401397 ] yaw=-138.3deg	[env.py: 949]
08/25 15:09:40 DEBUG: [Worker 0] Collision is between robot_0/lift_link and robot_0/gripper_finger_right_link (roots: robot_0/base, robot_0/base)	[env.py: 679]
08/25 15:09:40 DEBUG: [Worker 0] Collision is between robot_0/arm_l2_link and robot_0/wrist_link (roots: robot_0/base, robot_0/base)	[env.py: 679]
08/25 15:09:40 DEBUG: [Worker 0] Collision is between robot_0/arm_l2_link and robot_0/wrist_link (roots: robot_0/base, robot_0/base)	[env.py: 679]
08/25 15:09:40 DEBUG: [Worker 0] [PLACE_ROBOT_NEAR] Found collision-free pose #2	[env.py: 959]
08/25 15:09:40 DEBUG: [Worker 0] [PLACE_ROBOT_NEAR] Attempt 3: pos=[1.10873736 2.99606597 0.3401397 ] yaw=-114.0deg	[env.py: 949]
08/25 15:09:40 DEBUG: [Worker 0] Collision is between robot_0/lift_link and robot_0/gripper_finger_right_link (roots: robot_0/base, robot_0/base)	[env.py: 679]
08/25 15:09:40 DEBUG: [Worker 0] Collision is between robot_0/arm_l2_link and robot_0/wrist_link (roots: robot_0/base, robot_0/base)	[env.py: 679]
08/25 15:09:40 DEBUG: [Worker 0] Collision is between robot_0/arm_l2_link and robot_0/wrist_link (roots: robot_0/base, robot_0/base)	[env.py: 679]
08/25 15:09:40 DEBUG: [Worker 0] [PLACE_ROBOT_NEAR] Found collision-free pose #3	[env.py: 959]
08/25 15:09:40 DEBUG: [Worker 0] [PLACE_ROBOT_NEAR] Visibility constraints satisfied: {}	[env.py: 998]
08/25 15:09:40 INFO: [Worker 0] [PLACE_ROBOT_NEAR] Success after 3 samples, 3 collision-free, 1 visibility checks | map=0.0ms, retries=157.1ms, total=157.1ms	[env.py: 1005]
08/25 15:09:40 DEBUG: [Worker 0] [PLACE_ROBOT_NEAR] Final position: (1.166, 2.259, 0.340)	[env.py: 1009]
08/25 15:09:40 DEBUG: [Worker 0] [PLACE_ROBOT_NEAR] Final orientation: 114.6 deg	[env.py: 1012]
08/25 15:09:40 DEBUG: [Worker 0] [PLACE_ROBOT_NEAR] Distance to target: 0.833m	[env.py: 1016]
08/25 15:09:40 INFO: [Worker 0] Supporting receptacle: None	[pick_task_sampler.py: 1030]
08/25 15:09:40 INFO: [Worker 0] Loaded 1000 total grasp poses	[grasps.py: 282]
08/25 15:09:40 INFO: [Worker 0] [CAMERA SETUP] Setting up 2 cameras	[camera_manager.py: 300]
08/25 15:09:40 INFO: [Worker 0] [CAMERA SETUP] Set up MJCF camera 'head_camera' (MJCF: robot_0/camera_center_link)	[camera_manager.py: 438]
08/25 15:09:40 INFO: [Worker 0] [CAMERA SETUP] Set up MJCF camera 'wrist_camera' (MJCF: robot_0/gripper_camera_left_rgb)	[camera_manager.py: 438]
08/25 15:09:40 INFO: [Worker 0] [CAMERA SETUP] Successfully set up 2 cameras	[camera_manager.py: 326]
08/25 15:09:40 INFO: [Worker 0] Sampled task 'Pick up the soapdispenser'	[task_sampler.py: 1129]
08/25 15:09:40 INFO: [Worker 0] Worker 0 house 0 episode 1/12 collected=0/2	[pipeline.py: 992]
08/25 15:09:41 WARNING: [Worker 0] Camera sensor 'head_camera' observation mismatch between reset and first step. Overwriting cached observation with current state.	[task.py: 320]
08/25 15:09:52 INFO: [Worker 0] Worker 0 house 0 episode 1 object soapdispenser_a44357a2040f1b94a5a7e0de00e153b6_1_0_2 completed with success=False	[pipeline.py: 1056]
08/25 15:09:52 INFO: [Worker 0] [PROFILE] Episode 1 house 0 success=False episode_total=12.44s:
  episode_total: mean=12.44s, total=12.44s, count=1, min=12441.9ms, max=12441.9ms
  rollout_total: mean=11.84s, total=11.84s, count=1, min=11839.4ms, max=11839.4ms
  task_step: mean=20.9ms, total=10.45s, count=500, min=16.8ms, max=54.9ms
  sensor_polling: mean=11.7ms, total=5.87s, count=500, min=8.5ms, max=46.2ms
  physics_step: mean=9.0ms, total=4.51s, count=500, min=7.8ms, max=18.9ms
  policy_get_action: mean=2.7ms, total=1.37s, count=500, min=0.1ms, max=25.1ms
  step_count_indicator: mean=500.0ms, total=500.0ms, count=1, min=500.0ms, max=500.0ms
  policy_setup: mean=424.4ms, total=424.4ms, count=1, min=424.4ms, max=424.4ms
  task_sampling: mean=177.8ms, total=177.8ms, count=1, min=177.8ms, max=177.8ms
  task_specific_sample: mean=174.5ms, total=174.5ms, count=1, min=174.5ms, max=174.5ms
  sample_place_robot: mean=158.0ms, total=158.0ms, count=1, min=158.0ms, max=158.0ms
  robot_place_near: mean=157.4ms, total=157.4ms, count=1, min=157.4ms, max=157.4ms
  rollout_reset: mean=13.0ms, total=13.0ms, count=1, min=13.0ms, max=13.0ms
  scene_randomize: mean=1.6ms, total=1.6ms, count=1, min=1.6ms, max=1.6ms
  mj_forward_sync: mean=1.3ms, total=1.3ms, count=1, min=1.3ms, max=1.3ms
  sample_check_grasps: mean=1.1ms, total=1.1ms, count=1, min=1.1ms, max=1.1ms
  sample_cameras_final: mean=994.9us, total=1.0ms, count=1, min=1.0ms, max=1.0ms
  sample_task_create: mean=922.8us, total=0.9ms, count=1, min=0.9ms, max=0.9ms
  sample_cameras_initial: mean=612.5us, total=0.6ms, count=1, min=0.6ms, max=0.6ms
  sample_context_expressions: mean=65.6us, total=0.1ms, count=1, min=0.1ms, max=0.1ms
  sample_select_object: mean=62.0us, total=0.1ms, count=1, min=0.1ms, max=0.1ms
  generate_context_expressions: mean=13.1us, total=0.0ms, count=1, min=0.0ms, max=0.0ms
  scene_reuse: mean=0.0us, total=0.0ms, count=1, min=0.0ms, max=0.0ms	[profiler_utils.py: 259]
08/25 15:09:53 INFO: [Worker 0] Worker 0 house 0 episode 2: task sampling returned None	[pipeline.py: 977]
08/25 15:09:53 WARNING: [Worker 0] No trajectory data to save for house_0	[pipeline.py: 206]
08/25 15:09:53 WARNING: [Worker 0] No trajectory data to save for house_0	[pipeline.py: 206]
08/25 15:09:53 INFO: [Worker 0] Worker 0 completed house 0: 0/2 successful episodes	[pipeline.py: 1185]
08/25 15:09:53 INFO: [Worker 0] [PROFILE] House 0 complete: 0/2 successful, 2 episodes, total_time=118.37s
  House averages:
  episode_total: mean=10.12s, total=30.35s, count=3, min=0.2ms, max=17910.3ms
  rollout_total: mean=11.66s, total=23.33s, count=2, min=11486.3ms, max=11839.4ms
  task_step: mean=20.7ms, total=20.71s, count=1000, min=16.2ms, max=54.9ms
  sensor_polling: mean=11.6ms, total=11.56s, count=1000, min=8.3ms, max=46.2ms
  physics_step: mean=9.0ms, total=8.98s, count=1000, min=6.9ms, max=19.6ms
  task_sampling: mean=3.08s, total=6.17s, count=2, min=177.8ms, max=5989.0ms
  scene_load: mean=4.70s, total=4.70s, count=1, min=4702.9ms, max=4702.9ms
  scene_init: mean=2.80s, total=2.80s, count=1, min=2801.9ms, max=2801.9ms
  policy_get_action: mean=2.6ms, total=2.58s, count=1000, min=0.1ms, max=25.1ms
  scene_env_create: mean=1.15s, total=1.15s, count=1, min=1154.2ms, max=1154.2ms
  step_count_indicator: mean=500.0ms, total=1.00s, count=2, min=500.0ms, max=500.0ms
  task_specific_sample: mean=453.4ms, total=906.7ms, count=2, min=174.5ms, max=732.2ms
  sample_place_robot: mean=435.8ms, total=871.6ms, count=2, min=158.0ms, max=713.5ms
  robot_place_near: mean=435.1ms, total=870.3ms, count=2, min=157.4ms, max=712.8ms
  policy_setup: mean=429.5ms, total=859.0ms, count=2, min=424.4ms, max=434.6ms
  scene_compile: mean=746.5ms, total=746.5ms, count=1, min=746.5ms, max=746.5ms
  compile_robot_add: mean=415.7ms, total=415.7ms, count=1, min=415.7ms, max=415.7ms
  compile_mujoco: mean=201.6ms, total=201.6ms, count=1, min=201.6ms, max=201.6ms
  compile_xml_load: mean=121.3ms, total=121.3ms, count=1, min=121.3ms, max=121.3ms
  rollout_reset: mean=14.2ms, total=28.3ms, count=2, min=13.0ms, max=15.3ms
  scene_randomize: mean=1.6ms, total=3.1ms, count=2, min=1.5ms, max=1.6ms
  mj_forward_sync: mean=1.3ms, total=2.7ms, count=2, min=1.3ms, max=1.4ms
  sample_check_grasps: mean=1.1ms, total=2.2ms, count=2, min=1.1ms, max=1.1ms
  sample_cameras_final: mean=1.0ms, total=2.0ms, count=2, min=1.0ms, max=1.0ms
  sample_context_expressions: mean=992.8us, total=2.0ms, count=2, min=0.1ms, max=1.9ms
  sample_task_create: mean=973.3us, total=1.9ms, count=2, min=0.9ms, max=1.0ms
  sample_cameras_initial: mean=609.9us, total=1.2ms, count=2, min=0.6ms, max=0.6ms
  sample_select_object: mean=56.8us, total=0.1ms, count=2, min=0.1ms, max=0.1ms
  generate_context_expressions: mean=41.0us, total=0.1ms, count=2, min=0.0ms, max=0.1ms
  compile_aux_objects: mean=9.0us, total=0.0ms, count=1, min=0.0ms, max=0.0ms
  compile_aux_policy_objects: mean=7.6us, total=0.0ms, count=1, min=0.0ms, max=0.0ms
  scene_reuse: mean=0.0us, total=0.0ms, count=1, min=0.0ms, max=0.0ms	[profiler_utils.py: 286]
08/25 15:09:53 INFO: [Worker 0] Worker 0 completed processing assigned work items	[pipeline.py: 467]
08/25 15:09:53 INFO: [Worker 0] [PROFILE] Worker complete: 1 houses, 2 episodes, total_time=118.37s
  Worker averages:
  episode_total: mean=10.12s, total=30.35s, count=3, min=0.2ms, max=17910.3ms
  rollout_total: mean=11.66s, total=23.33s, count=2, min=11486.3ms, max=11839.4ms
  task_step: mean=20.7ms, total=20.71s, count=1000, min=16.2ms, max=54.9ms
  sensor_polling: mean=11.6ms, total=11.56s, count=1000, min=8.3ms, max=46.2ms
  physics_step: mean=9.0ms, total=8.98s, count=1000, min=6.9ms, max=19.6ms
  task_sampling: mean=3.08s, total=6.17s, count=2, min=177.8ms, max=5989.0ms
  scene_load: mean=4.70s, total=4.70s, count=1, min=4702.9ms, max=4702.9ms
  scene_init: mean=2.80s, total=2.80s, count=1, min=2801.9ms, max=2801.9ms
  policy_get_action: mean=2.6ms, total=2.58s, count=1000, min=0.1ms, max=25.1ms
  scene_env_create: mean=1.15s, total=1.15s, count=1, min=1154.2ms, max=1154.2ms
  step_count_indicator: mean=500.0ms, total=1.00s, count=2, min=500.0ms, max=500.0ms
  task_specific_sample: mean=453.4ms, total=906.7ms, count=2, min=174.5ms, max=732.2ms
  sample_place_robot: mean=435.8ms, total=871.6ms, count=2, min=158.0ms, max=713.5ms
  robot_place_near: mean=435.1ms, total=870.3ms, count=2, min=157.4ms, max=712.8ms
  policy_setup: mean=429.5ms, total=859.0ms, count=2, min=424.4ms, max=434.6ms
  scene_compile: mean=746.5ms, total=746.5ms, count=1, min=746.5ms, max=746.5ms
  compile_robot_add: mean=415.7ms, total=415.7ms, count=1, min=415.7ms, max=415.7ms
  compile_mujoco: mean=201.6ms, total=201.6ms, count=1, min=201.6ms, max=201.6ms
  compile_xml_load: mean=121.3ms, total=121.3ms, count=1, min=121.3ms, max=121.3ms
  rollout_reset: mean=14.2ms, total=28.3ms, count=2, min=13.0ms, max=15.3ms
  scene_randomize: mean=1.6ms, total=3.1ms, count=2, min=1.5ms, max=1.6ms
  mj_forward_sync: mean=1.3ms, total=2.7ms, count=2, min=1.3ms, max=1.4ms
  sample_check_grasps: mean=1.1ms, total=2.2ms, count=2, min=1.1ms, max=1.1ms
  sample_cameras_final: mean=1.0ms, total=2.0ms, count=2, min=1.0ms, max=1.0ms
  sample_context_expressions: mean=992.8us, total=2.0ms, count=2, min=0.1ms, max=1.9ms
  sample_task_create: mean=973.3us, total=1.9ms, count=2, min=0.9ms, max=1.0ms
  sample_cameras_initial: mean=609.9us, total=1.2ms, count=2, min=0.6ms, max=0.6ms
  sample_select_object: mean=56.8us, total=0.1ms, count=2, min=0.1ms, max=0.1ms
  generate_context_expressions: mean=41.0us, total=0.1ms, count=2, min=0.0ms, max=0.1ms
  compile_aux_objects: mean=9.0us, total=0.0ms, count=1, min=0.0ms, max=0.0ms
  compile_aux_policy_objects: mean=7.6us, total=0.0ms, count=1, min=0.0ms, max=0.0ms
  scene_reuse: mean=0.0us, total=0.0ms, count=1, min=0.0ms, max=0.0ms	[profiler_utils.py: 308]
08/25 15:09:54 INFO: Completed 1 work items, skipped 0 work items	[pipeline.py: 1347]
08/25 15:09:54 INFO: Success count: 0, Total count: 2	[pipeline.py: 1350]
08/25 15:09:54 INFO: Success rate: 0.00%	[pipeline.py: 1351]
